------------------------------------------------------------
TimeQuest Timing Analyzer Summary
------------------------------------------------------------

Type  : Slow 1100mV 85C Model Setup 'clock_666'
Slack : -1.272
TNS   : -5.411

Type  : Slow 1100mV 85C Model Hold 'clock_666'
Slack : 0.474
TNS   : 0.000

Type  : Slow 1100mV 85C Model Minimum Pulse Width 'clock_666'
Slack : -0.224
TNS   : -1.384

Type  : Slow 1100mV 85C Model Minimum Pulse Width 'clock_333'
Slack : 0.741
TNS   : 0.000

Type  : Slow 1100mV 0C Model Setup 'clock_666'
Slack : -1.378
TNS   : -5.736

Type  : Slow 1100mV 0C Model Hold 'clock_666'
Slack : 0.481
TNS   : 0.000

Type  : Slow 1100mV 0C Model Minimum Pulse Width 'clock_666'
Slack : -0.224
TNS   : -2.097

Type  : Slow 1100mV 0C Model Minimum Pulse Width 'clock_333'
Slack : 0.619
TNS   : 0.000

Type  : Fast 1100mV 85C Model Setup 'clock_666'
Slack : 0.411
TNS   : 0.000

Type  : Fast 1100mV 85C Model Hold 'clock_666'
Slack : 0.152
TNS   : 0.000

Type  : Fast 1100mV 85C Model Minimum Pulse Width 'clock_666'
Slack : 0.177
TNS   : 0.000

Type  : Fast 1100mV 85C Model Minimum Pulse Width 'clock_333'
Slack : 0.919
TNS   : 0.000

Type  : Fast 1100mV 0C Model Setup 'clock_666'
Slack : 0.476
TNS   : 0.000

Type  : Fast 1100mV 0C Model Hold 'clock_666'
Slack : 0.115
TNS   : 0.000

Type  : Fast 1100mV 0C Model Minimum Pulse Width 'clock_666'
Slack : 0.173
TNS   : 0.000

Type  : Fast 1100mV 0C Model Minimum Pulse Width 'clock_333'
Slack : 0.917
TNS   : 0.000

------------------------------------------------------------
